nohup: ignoring input
Kontextgröße 8192: 356 Elemente
Kontextgröße 16384: 532 Elemente
Kontextgröße 32768: 114 Elemente
Kontextgröße 65536: 50 Elemente
Kontextgröße 131072: 0 Elemente
Beginne Verarbeitung für Kontextgröße 8192 mit 356 Elementen.
16:24:49 - Verarbeitete Korean‑Elemente für Run 12: 0 in 43.64s
16:25:33 - Verarbeitete Korean‑Elemente für Run 12: 1 in 43.28s
16:26:27 - Verarbeitete Korean‑Elemente für Run 12: 2 in 53.19s
16:27:10 - Verarbeitete Korean‑Elemente für Run 12: 3 in 42.42s
16:27:40 - Verarbeitete Korean‑Elemente für Run 12: 4 in 30.13s
16:28:20 - Verarbeitete Korean‑Elemente für Run 12: 5 in 39.58s
16:29:14 - Verarbeitete Korean‑Elemente für Run 12: 6 in 53.37s
16:29:55 - Verarbeitete Korean‑Elemente für Run 12: 7 in 40.51s
16:30:34 - Verarbeitete Korean‑Elemente für Run 12: 8 in 38.35s
16:31:55 - Verarbeitete Korean‑Elemente für Run 12: 9 in 80.83s
16:32:22 - Verarbeitete Korean‑Elemente für Run 12: 10 in 25.96s
16:33:46 - Verarbeitete Korean‑Elemente für Run 12: 11 in 83.93s
16:34:26 - Verarbeitete Korean‑Elemente für Run 12: 12 in 39.99s
16:35:09 - Verarbeitete Korean‑Elemente für Run 12: 13 in 42.46s
16:36:16 - Verarbeitete Korean‑Elemente für Run 12: 14 in 65.76s
16:37:02 - Verarbeitete Korean‑Elemente für Run 12: 15 in 46.51s
16:37:54 - Verarbeitete Korean‑Elemente für Run 12: 16 in 50.68s
16:38:55 - Verarbeitete Korean‑Elemente für Run 12: 17 in 61.25s
16:39:45 - Verarbeitete Korean‑Elemente für Run 12: 18 in 49.44s
16:40:57 - Verarbeitete Korean‑Elemente für Run 12: 19 in 71.65s
16:41:53 - Verarbeitete Korean‑Elemente für Run 12: 20 in 55.68s
16:42:51 - Verarbeitete Korean‑Elemente für Run 12: 21 in 57.32s
16:43:46 - Verarbeitete Korean‑Elemente für Run 12: 22 in 54.3s
16:44:40 - Verarbeitete Korean‑Elemente für Run 12: 23 in 54.06s
16:45:20 - Verarbeitete Korean‑Elemente für Run 12: 24 in 39.03s
16:45:58 - Verarbeitete Korean‑Elemente für Run 12: 25 in 37.99s
16:46:41 - Verarbeitete Korean‑Elemente für Run 12: 26 in 41.99s
16:47:19 - Verarbeitete Korean‑Elemente für Run 12: 27 in 37.55s
16:48:00 - Verarbeitete Korean‑Elemente für Run 12: 28 in 40.24s
16:48:52 - Verarbeitete Korean‑Elemente für Run 12: 29 in 52.23s
16:49:37 - Verarbeitete Korean‑Elemente für Run 12: 30 in 43.89s
16:50:19 - Verarbeitete Korean‑Elemente für Run 12: 31 in 41.38s
16:51:17 - Verarbeitete Korean‑Elemente für Run 12: 32 in 58.08s
16:52:10 - Verarbeitete Korean‑Elemente für Run 12: 33 in 52.72s
16:52:51 - Verarbeitete Korean‑Elemente für Run 12: 34 in 40.73s
16:53:39 - Verarbeitete Korean‑Elemente für Run 12: 35 in 47.33s
16:54:14 - Verarbeitete Korean‑Elemente für Run 12: 36 in 34.31s
16:55:01 - Verarbeitete Korean‑Elemente für Run 12: 37 in 46.5s
16:55:44 - Verarbeitete Korean‑Elemente für Run 12: 38 in 42.57s
16:56:23 - Verarbeitete Korean‑Elemente für Run 12: 39 in 38.04s
16:57:22 - Verarbeitete Korean‑Elemente für Run 12: 40 in 58.56s
16:57:59 - Verarbeitete Korean‑Elemente für Run 12: 41 in 36.52s
16:59:02 - Verarbeitete Korean‑Elemente für Run 12: 42 in 62.19s
16:59:53 - Verarbeitete Korean‑Elemente für Run 12: 43 in 50.56s
17:00:31 - Verarbeitete Korean‑Elemente für Run 12: 44 in 38.02s
17:01:04 - Verarbeitete Korean‑Elemente für Run 12: 45 in 32.3s
17:01:48 - Verarbeitete Korean‑Elemente für Run 12: 46 in 43.43s
17:02:31 - Verarbeitete Korean‑Elemente für Run 12: 47 in 42.55s
17:03:26 - Verarbeitete Korean‑Elemente für Run 12: 48 in 55.12s
17:04:07 - Verarbeitete Korean‑Elemente für Run 12: 49 in 40.57s
17:05:10 - Verarbeitete Korean‑Elemente für Run 12: 50 in 61.93s
17:06:04 - Verarbeitete Korean‑Elemente für Run 12: 51 in 53.66s
17:06:48 - Verarbeitete Korean‑Elemente für Run 12: 52 in 43.2s
17:07:41 - Verarbeitete Korean‑Elemente für Run 12: 53 in 52.77s
17:08:18 - Verarbeitete Korean‑Elemente für Run 12: 54 in 36.11s
17:09:00 - Verarbeitete Korean‑Elemente für Run 12: 55 in 41.71s
17:09:44 - Verarbeitete Korean‑Elemente für Run 12: 56 in 43.44s
17:10:23 - Verarbeitete Korean‑Elemente für Run 12: 57 in 38.83s
17:11:20 - Verarbeitete Korean‑Elemente für Run 12: 58 in 56.87s
17:11:56 - Verarbeitete Korean‑Elemente für Run 12: 59 in 35.35s
17:12:33 - Verarbeitete Korean‑Elemente für Run 12: 60 in 36.76s
17:13:24 - Verarbeitete Korean‑Elemente für Run 12: 61 in 50.59s
17:14:21 - Verarbeitete Korean‑Elemente für Run 12: 62 in 56.06s
17:15:07 - Verarbeitete Korean‑Elemente für Run 12: 63 in 45.5s
17:15:46 - Verarbeitete Korean‑Elemente für Run 12: 64 in 39.02s
17:16:28 - Verarbeitete Korean‑Elemente für Run 12: 65 in 41.67s
17:17:08 - Verarbeitete Korean‑Elemente für Run 12: 66 in 38.87s
17:17:45 - Verarbeitete Korean‑Elemente für Run 12: 67 in 36.51s
17:18:25 - Verarbeitete Korean‑Elemente für Run 12: 68 in 39.49s
17:19:10 - Verarbeitete Korean‑Elemente für Run 12: 69 in 44.7s
17:20:07 - Verarbeitete Korean‑Elemente für Run 12: 70 in 57.29s
17:20:49 - Verarbeitete Korean‑Elemente für Run 12: 71 in 41.57s
17:21:28 - Verarbeitete Korean‑Elemente für Run 12: 72 in 37.99s
17:22:20 - Verarbeitete Korean‑Elemente für Run 12: 73 in 51.66s
17:23:24 - Verarbeitete Korean‑Elemente für Run 12: 74 in 63.64s
17:24:18 - Verarbeitete Korean‑Elemente für Run 12: 75 in 53.77s
17:25:00 - Verarbeitete Korean‑Elemente für Run 12: 76 in 41.81s
17:25:27 - Verarbeitete Korean‑Elemente für Run 12: 77 in 25.93s
17:26:16 - Verarbeitete Korean‑Elemente für Run 12: 78 in 48.93s
17:27:15 - Verarbeitete Korean‑Elemente für Run 12: 79 in 58.75s
17:28:03 - Verarbeitete Korean‑Elemente für Run 12: 80 in 47.52s
17:28:45 - Verarbeitete Korean‑Elemente für Run 12: 81 in 41.79s
17:29:44 - Verarbeitete Korean‑Elemente für Run 12: 82 in 58.6s
17:30:32 - Verarbeitete Korean‑Elemente für Run 12: 83 in 47.43s
17:31:34 - Verarbeitete Korean‑Elemente für Run 12: 84 in 60.84s
17:32:30 - Verarbeitete Korean‑Elemente für Run 12: 85 in 56.31s
17:33:34 - Verarbeitete Korean‑Elemente für Run 12: 86 in 62.93s
17:34:27 - Verarbeitete Korean‑Elemente für Run 12: 87 in 53.11s
17:35:04 - Verarbeitete Korean‑Elemente für Run 12: 88 in 35.92s
17:35:57 - Verarbeitete Korean‑Elemente für Run 12: 89 in 53.17s
17:36:51 - Verarbeitete Korean‑Elemente für Run 12: 90 in 53.56s
17:37:35 - Verarbeitete Korean‑Elemente für Run 12: 91 in 43.35s
17:38:06 - Verarbeitete Korean‑Elemente für Run 12: 92 in 30.51s
17:39:21 - Verarbeitete Korean‑Elemente für Run 12: 93 in 74.44s
17:39:59 - Verarbeitete Korean‑Elemente für Run 12: 94 in 38.02s
17:40:41 - Verarbeitete Korean‑Elemente für Run 12: 95 in 41.48s
17:41:22 - Verarbeitete Korean‑Elemente für Run 12: 96 in 40.87s
17:42:04 - Verarbeitete Korean‑Elemente für Run 12: 97 in 41.75s
17:42:39 - Verarbeitete Korean‑Elemente für Run 12: 98 in 34.26s
17:43:08 - Verarbeitete Korean‑Elemente für Run 12: 99 in 28.8s
17:43:50 - Verarbeitete Korean‑Elemente für Run 12: 100 in 41.59s
17:44:36 - Verarbeitete Korean‑Elemente für Run 12: 101 in 44.63s
17:45:34 - Verarbeitete Korean‑Elemente für Run 12: 102 in 57.99s
17:46:17 - Verarbeitete Korean‑Elemente für Run 12: 103 in 42.89s
17:46:57 - Verarbeitete Korean‑Elemente für Run 12: 104 in 39.57s
17:47:41 - Verarbeitete Korean‑Elemente für Run 12: 105 in 42.68s
17:48:19 - Verarbeitete Korean‑Elemente für Run 12: 106 in 38.01s
17:48:54 - Verarbeitete Korean‑Elemente für Run 12: 107 in 34.23s
17:49:57 - Verarbeitete Korean‑Elemente für Run 12: 108 in 62.52s
17:51:04 - Verarbeitete Korean‑Elemente für Run 12: 109 in 66.55s
17:51:46 - Verarbeitete Korean‑Elemente für Run 12: 110 in 42.14s
17:52:22 - Verarbeitete Korean‑Elemente für Run 12: 111 in 35.74s
17:53:22 - Verarbeitete Korean‑Elemente für Run 12: 112 in 58.83s
17:54:05 - Verarbeitete Korean‑Elemente für Run 12: 113 in 42.99s
17:55:00 - Verarbeitete Korean‑Elemente für Run 12: 114 in 54.08s
17:55:43 - Verarbeitete Korean‑Elemente für Run 12: 115 in 42.64s
17:56:21 - Verarbeitete Korean‑Elemente für Run 12: 116 in 37.95s
17:57:20 - Verarbeitete Korean‑Elemente für Run 12: 117 in 58.66s
17:58:02 - Verarbeitete Korean‑Elemente für Run 12: 118 in 41.14s
17:58:46 - Verarbeitete Korean‑Elemente für Run 12: 119 in 44.03s
17:59:27 - Verarbeitete Korean‑Elemente für Run 12: 120 in 39.95s
18:00:19 - Verarbeitete Korean‑Elemente für Run 12: 121 in 52.18s
18:00:50 - Verarbeitete Korean‑Elemente für Run 12: 122 in 29.87s
18:01:49 - Verarbeitete Korean‑Elemente für Run 12: 123 in 58.68s
18:02:50 - Verarbeitete Korean‑Elemente für Run 12: 124 in 61.24s
18:03:30 - Verarbeitete Korean‑Elemente für Run 12: 125 in 39.1s
18:04:12 - Verarbeitete Korean‑Elemente für Run 12: 126 in 41.28s
18:04:50 - Verarbeitete Korean‑Elemente für Run 12: 127 in 38.05s
18:05:45 - Verarbeitete Korean‑Elemente für Run 12: 128 in 54.37s
18:06:31 - Verarbeitete Korean‑Elemente für Run 12: 129 in 45.55s
18:07:09 - Verarbeitete Korean‑Elemente für Run 12: 130 in 38.04s
18:08:04 - Verarbeitete Korean‑Elemente für Run 12: 131 in 54.46s
18:08:48 - Verarbeitete Korean‑Elemente für Run 12: 132 in 43.55s
18:09:28 - Verarbeitete Korean‑Elemente für Run 12: 133 in 39.17s
18:10:30 - Verarbeitete Korean‑Elemente für Run 12: 134 in 61.75s
18:11:20 - Verarbeitete Korean‑Elemente für Run 12: 135 in 49.77s
18:12:16 - Verarbeitete Korean‑Elemente für Run 12: 136 in 55.78s
18:12:58 - Verarbeitete Korean‑Elemente für Run 12: 137 in 41.53s
18:13:37 - Verarbeitete Korean‑Elemente für Run 12: 138 in 38.8s
18:14:15 - Verarbeitete Korean‑Elemente für Run 12: 139 in 36.75s
18:15:47 - Verarbeitete Korean‑Elemente für Run 12: 140 in 92.41s
18:16:37 - Verarbeitete Korean‑Elemente für Run 12: 141 in 49.27s
18:17:32 - Verarbeitete Korean‑Elemente für Run 12: 142 in 54.88s
18:18:22 - Verarbeitete Korean‑Elemente für Run 12: 143 in 49.36s
18:19:25 - Verarbeitete Korean‑Elemente für Run 12: 144 in 62.41s
18:20:25 - Verarbeitete Korean‑Elemente für Run 12: 145 in 59.33s
18:21:07 - Verarbeitete Korean‑Elemente für Run 12: 146 in 41.7s
18:21:49 - Verarbeitete Korean‑Elemente für Run 12: 147 in 42.19s
18:22:42 - Verarbeitete Korean‑Elemente für Run 12: 148 in 51.65s
18:23:22 - Verarbeitete Korean‑Elemente für Run 12: 149 in 40.39s
18:24:20 - Verarbeitete Korean‑Elemente für Run 12: 150 in 57.45s
18:25:06 - Verarbeitete Korean‑Elemente für Run 12: 151 in 44.85s
18:25:43 - Verarbeitete Korean‑Elemente für Run 12: 152 in 36.96s
18:26:27 - Verarbeitete Korean‑Elemente für Run 12: 153 in 43.62s
18:27:30 - Verarbeitete Korean‑Elemente für Run 12: 154 in 62.19s
18:28:12 - Verarbeitete Korean‑Elemente für Run 12: 155 in 42.51s
18:29:19 - Verarbeitete Korean‑Elemente für Run 12: 156 in 66.32s
18:30:17 - Verarbeitete Korean‑Elemente für Run 12: 157 in 57.73s
18:30:55 - Verarbeitete Korean‑Elemente für Run 12: 158 in 37.47s
18:31:47 - Verarbeitete Korean‑Elemente für Run 12: 159 in 50.98s
18:32:36 - Verarbeitete Korean‑Elemente für Run 12: 160 in 48.63s
18:33:27 - Verarbeitete Korean‑Elemente für Run 12: 161 in 50.93s
18:34:31 - Verarbeitete Korean‑Elemente für Run 12: 162 in 63.32s
18:35:21 - Verarbeitete Korean‑Elemente für Run 12: 163 in 50.28s
18:36:04 - Verarbeitete Korean‑Elemente für Run 12: 164 in 41.65s
18:36:56 - Verarbeitete Korean‑Elemente für Run 12: 165 in 51.99s
18:37:43 - Verarbeitete Korean‑Elemente für Run 12: 166 in 45.98s
18:38:31 - Verarbeitete Korean‑Elemente für Run 12: 167 in 48.25s
18:39:29 - Verarbeitete Korean‑Elemente für Run 12: 168 in 57.25s
18:40:07 - Verarbeitete Korean‑Elemente für Run 12: 169 in 37.87s
18:41:00 - Verarbeitete Korean‑Elemente für Run 12: 170 in 51.72s
18:41:54 - Verarbeitete Korean‑Elemente für Run 12: 171 in 53.8s
18:42:45 - Verarbeitete Korean‑Elemente für Run 12: 172 in 50.36s
18:43:28 - Verarbeitete Korean‑Elemente für Run 12: 173 in 43.35s
18:44:08 - Verarbeitete Korean‑Elemente für Run 12: 174 in 39.01s
18:44:52 - Verarbeitete Korean‑Elemente für Run 12: 175 in 43.75s
18:45:39 - Verarbeitete Korean‑Elemente für Run 12: 176 in 46.96s
18:46:21 - Verarbeitete Korean‑Elemente für Run 12: 177 in 41.3s
18:47:15 - Verarbeitete Korean‑Elemente für Run 12: 178 in 52.98s
18:48:10 - Verarbeitete Korean‑Elemente für Run 12: 179 in 54.65s
18:48:49 - Verarbeitete Korean‑Elemente für Run 12: 180 in 38.8s
18:49:40 - Verarbeitete Korean‑Elemente für Run 12: 181 in 50.14s
18:50:20 - Verarbeitete Korean‑Elemente für Run 12: 182 in 40.07s
18:51:13 - Verarbeitete Korean‑Elemente für Run 12: 183 in 52.37s
18:51:56 - Verarbeitete Korean‑Elemente für Run 12: 184 in 42.41s
18:52:58 - Verarbeitete Korean‑Elemente für Run 12: 185 in 61.83s
18:54:09 - Verarbeitete Korean‑Elemente für Run 12: 186 in 70.87s
18:55:03 - Verarbeitete Korean‑Elemente für Run 12: 187 in 53.6s
18:55:47 - Verarbeitete Korean‑Elemente für Run 12: 188 in 42.94s
18:56:45 - Verarbeitete Korean‑Elemente für Run 12: 189 in 57.5s
18:57:23 - Verarbeitete Korean‑Elemente für Run 12: 190 in 37.37s
18:58:38 - Verarbeitete Korean‑Elemente für Run 12: 191 in 74.59s
18:59:24 - Verarbeitete Korean‑Elemente für Run 12: 192 in 45.58s
19:00:13 - Verarbeitete Korean‑Elemente für Run 12: 193 in 48.88s
19:01:00 - Verarbeitete Korean‑Elemente für Run 12: 194 in 46.16s
19:02:04 - Verarbeitete Korean‑Elemente für Run 12: 195 in 64.2s
19:02:41 - Verarbeitete Korean‑Elemente für Run 12: 196 in 36.03s
19:03:29 - Verarbeitete Korean‑Elemente für Run 12: 197 in 47.59s
19:04:10 - Verarbeitete Korean‑Elemente für Run 12: 198 in 41.34s
19:04:59 - Verarbeitete Korean‑Elemente für Run 12: 199 in 48.34s
19:05:39 - Verarbeitete Korean‑Elemente für Run 12: 200 in 39.71s
19:06:29 - Verarbeitete Korean‑Elemente für Run 12: 201 in 49.28s
19:07:33 - Verarbeitete Korean‑Elemente für Run 12: 202 in 62.77s
19:08:09 - Verarbeitete Korean‑Elemente für Run 12: 203 in 35.93s
19:09:02 - Verarbeitete Korean‑Elemente für Run 12: 204 in 52.55s
19:09:48 - Verarbeitete Korean‑Elemente für Run 12: 205 in 45.78s
19:10:29 - Verarbeitete Korean‑Elemente für Run 12: 206 in 40.62s
19:11:09 - Verarbeitete Korean‑Elemente für Run 12: 207 in 39.66s
19:11:49 - Verarbeitete Korean‑Elemente für Run 12: 208 in 39.15s
19:12:30 - Verarbeitete Korean‑Elemente für Run 12: 209 in 40.48s
19:13:15 - Verarbeitete Korean‑Elemente für Run 12: 210 in 45.01s
19:14:51 - Verarbeitete Korean‑Elemente für Run 12: 211 in 95.5s
19:15:43 - Verarbeitete Korean‑Elemente für Run 12: 212 in 50.99s
19:16:37 - Verarbeitete Korean‑Elemente für Run 12: 213 in 53.53s
19:17:27 - Verarbeitete Korean‑Elemente für Run 12: 214 in 49.83s
19:18:13 - Verarbeitete Korean‑Elemente für Run 12: 215 in 45.54s
19:18:55 - Verarbeitete Korean‑Elemente für Run 12: 216 in 41.26s
19:19:34 - Verarbeitete Korean‑Elemente für Run 12: 217 in 38.6s
19:20:37 - Verarbeitete Korean‑Elemente für Run 12: 218 in 62.5s
19:21:33 - Verarbeitete Korean‑Elemente für Run 12: 219 in 56.01s
19:23:17 - Verarbeitete Korean‑Elemente für Run 12: 220 in 103.34s
19:23:56 - Verarbeitete Korean‑Elemente für Run 12: 221 in 38.57s
19:24:53 - Verarbeitete Korean‑Elemente für Run 12: 222 in 56.19s
19:25:35 - Verarbeitete Korean‑Elemente für Run 12: 223 in 41.73s
19:26:25 - Verarbeitete Korean‑Elemente für Run 12: 224 in 49.44s
19:27:03 - Verarbeitete Korean‑Elemente für Run 12: 225 in 38.3s
19:27:56 - Verarbeitete Korean‑Elemente für Run 12: 226 in 52.12s
19:28:41 - Verarbeitete Korean‑Elemente für Run 12: 227 in 44.75s
19:29:34 - Verarbeitete Korean‑Elemente für Run 12: 228 in 52.82s
19:30:37 - Verarbeitete Korean‑Elemente für Run 12: 229 in 62.75s
19:31:17 - Verarbeitete Korean‑Elemente für Run 12: 230 in 38.9s
19:32:07 - Verarbeitete Korean‑Elemente für Run 12: 231 in 49.51s
19:32:44 - Verarbeitete Korean‑Elemente für Run 12: 232 in 37.17s
19:33:25 - Verarbeitete Korean‑Elemente für Run 12: 233 in 40.19s
19:34:46 - Verarbeitete Korean‑Elemente für Run 12: 234 in 80.63s
19:35:28 - Verarbeitete Korean‑Elemente für Run 12: 235 in 42.11s
19:36:09 - Verarbeitete Korean‑Elemente für Run 12: 236 in 40.39s
19:36:48 - Verarbeitete Korean‑Elemente für Run 12: 237 in 38.67s
19:37:32 - Verarbeitete Korean‑Elemente für Run 12: 238 in 43.15s
19:38:16 - Verarbeitete Korean‑Elemente für Run 12: 239 in 44.22s
19:38:57 - Verarbeitete Korean‑Elemente für Run 12: 240 in 40.44s
19:39:36 - Verarbeitete Korean‑Elemente für Run 12: 241 in 38.56s
19:40:32 - Verarbeitete Korean‑Elemente für Run 12: 242 in 55.79s
19:41:19 - Verarbeitete Korean‑Elemente für Run 12: 243 in 46.45s
19:42:06 - Verarbeitete Korean‑Elemente für Run 12: 244 in 46.6s
19:42:52 - Verarbeitete Korean‑Elemente für Run 12: 245 in 45.66s
19:43:37 - Verarbeitete Korean‑Elemente für Run 12: 246 in 43.89s
19:44:19 - Verarbeitete Korean‑Elemente für Run 12: 247 in 42.28s
19:44:48 - Verarbeitete Korean‑Elemente für Run 12: 248 in 28.2s
19:45:28 - Verarbeitete Korean‑Elemente für Run 12: 249 in 39.32s
19:46:14 - Verarbeitete Korean‑Elemente für Run 12: 250 in 45.86s
19:46:50 - Verarbeitete Korean‑Elemente für Run 12: 251 in 35.43s
19:47:36 - Verarbeitete Korean‑Elemente für Run 12: 252 in 46.13s
19:48:29 - Verarbeitete Korean‑Elemente für Run 12: 253 in 51.81s
19:49:15 - Verarbeitete Korean‑Elemente für Run 12: 254 in 46.32s
19:50:00 - Verarbeitete Korean‑Elemente für Run 12: 255 in 44.04s
19:51:06 - Verarbeitete Korean‑Elemente für Run 12: 256 in 64.96s
19:51:59 - Verarbeitete Korean‑Elemente für Run 12: 257 in 52.47s
19:52:50 - Verarbeitete Korean‑Elemente für Run 12: 258 in 51.33s
19:53:30 - Verarbeitete Korean‑Elemente für Run 12: 259 in 39.28s
19:54:33 - Verarbeitete Korean‑Elemente für Run 12: 260 in 62.2s
19:55:20 - Verarbeitete Korean‑Elemente für Run 12: 261 in 47.34s
19:56:22 - Verarbeitete Korean‑Elemente für Run 12: 262 in 61.38s
19:57:03 - Verarbeitete Korean‑Elemente für Run 12: 263 in 40.28s
19:57:44 - Verarbeitete Korean‑Elemente für Run 12: 264 in 40.47s
19:58:20 - Verarbeitete Korean‑Elemente für Run 12: 265 in 35.86s
19:59:00 - Verarbeitete Korean‑Elemente für Run 12: 266 in 39.5s
19:59:44 - Verarbeitete Korean‑Elemente für Run 12: 267 in 43.11s
20:00:34 - Verarbeitete Korean‑Elemente für Run 12: 268 in 50.1s
20:01:19 - Verarbeitete Korean‑Elemente für Run 12: 269 in 43.78s
20:02:04 - Verarbeitete Korean‑Elemente für Run 12: 270 in 44.9s
20:02:50 - Verarbeitete Korean‑Elemente für Run 12: 271 in 46.03s
20:03:26 - Verarbeitete Korean‑Elemente für Run 12: 272 in 35.04s
20:04:23 - Verarbeitete Korean‑Elemente für Run 12: 273 in 56.78s
20:05:01 - Verarbeitete Korean‑Elemente für Run 12: 274 in 37.2s
20:05:41 - Verarbeitete Korean‑Elemente für Run 12: 275 in 40.01s
20:06:29 - Verarbeitete Korean‑Elemente für Run 12: 276 in 46.86s
20:07:10 - Verarbeitete Korean‑Elemente für Run 12: 277 in 41.2s
20:07:50 - Verarbeitete Korean‑Elemente für Run 12: 278 in 39.53s
20:09:10 - Verarbeitete Korean‑Elemente für Run 12: 279 in 79.27s
20:09:52 - Verarbeitete Korean‑Elemente für Run 12: 280 in 41.15s
20:10:27 - Verarbeitete Korean‑Elemente für Run 12: 281 in 35.16s
20:11:06 - Verarbeitete Korean‑Elemente für Run 12: 282 in 38.26s
20:11:58 - Verarbeitete Korean‑Elemente für Run 12: 283 in 51.63s
20:12:44 - Verarbeitete Korean‑Elemente für Run 12: 284 in 45.56s
20:13:29 - Verarbeitete Korean‑Elemente für Run 12: 285 in 44.77s
20:14:16 - Verarbeitete Korean‑Elemente für Run 12: 286 in 46.48s
20:15:02 - Verarbeitete Korean‑Elemente für Run 12: 287 in 45.55s
20:15:51 - Verarbeitete Korean‑Elemente für Run 12: 288 in 48.28s
20:17:07 - Verarbeitete Korean‑Elemente für Run 12: 289 in 75.75s
20:17:36 - Verarbeitete Korean‑Elemente für Run 12: 290 in 28.8s
20:18:17 - Verarbeitete Korean‑Elemente für Run 12: 291 in 40.39s
20:19:07 - Verarbeitete Korean‑Elemente für Run 12: 292 in 49.45s
20:19:45 - Verarbeitete Korean‑Elemente für Run 12: 293 in 37.93s
20:20:28 - Verarbeitete Korean‑Elemente für Run 12: 294 in 41.75s
20:21:41 - Verarbeitete Korean‑Elemente für Run 12: 295 in 72.55s
20:22:21 - Verarbeitete Korean‑Elemente für Run 12: 296 in 40.4s
20:23:06 - Verarbeitete Korean‑Elemente für Run 12: 297 in 43.64s
20:23:47 - Verarbeitete Korean‑Elemente für Run 12: 298 in 41.1s
20:24:29 - Verarbeitete Korean‑Elemente für Run 12: 299 in 42.02s
20:25:33 - Verarbeitete Korean‑Elemente für Run 12: 300 in 63.35s
20:26:10 - Verarbeitete Korean‑Elemente für Run 12: 301 in 35.92s
20:27:14 - Verarbeitete Korean‑Elemente für Run 12: 302 in 63.84s
20:28:26 - Verarbeitete Korean‑Elemente für Run 12: 303 in 71.37s
20:29:03 - Verarbeitete Korean‑Elemente für Run 12: 304 in 36.65s
20:29:53 - Verarbeitete Korean‑Elemente für Run 12: 305 in 50.31s
20:30:31 - Verarbeitete Korean‑Elemente für Run 12: 306 in 37.3s
20:31:16 - Verarbeitete Korean‑Elemente für Run 12: 307 in 44.47s
20:31:54 - Verarbeitete Korean‑Elemente für Run 12: 308 in 37.45s
20:32:41 - Verarbeitete Korean‑Elemente für Run 12: 309 in 47.23s
20:33:26 - Verarbeitete Korean‑Elemente für Run 12: 310 in 44.12s
20:34:06 - Verarbeitete Korean‑Elemente für Run 12: 311 in 39.73s
20:35:27 - Verarbeitete Korean‑Elemente für Run 12: 312 in 80.73s
20:36:06 - Verarbeitete Korean‑Elemente für Run 12: 313 in 37.89s
20:36:49 - Verarbeitete Korean‑Elemente für Run 12: 314 in 42.54s
20:37:32 - Verarbeitete Korean‑Elemente für Run 12: 315 in 43.18s
20:38:21 - Verarbeitete Korean‑Elemente für Run 12: 316 in 48.58s
20:39:20 - Verarbeitete Korean‑Elemente für Run 12: 317 in 58.14s
20:39:55 - Verarbeitete Korean‑Elemente für Run 12: 318 in 35.12s
20:40:37 - Verarbeitete Korean‑Elemente für Run 12: 319 in 41.05s
20:41:33 - Verarbeitete Korean‑Elemente für Run 12: 320 in 55.85s
20:42:25 - Verarbeitete Korean‑Elemente für Run 12: 321 in 51.35s
20:43:12 - Verarbeitete Korean‑Elemente für Run 12: 322 in 47.07s
20:44:09 - Verarbeitete Korean‑Elemente für Run 12: 323 in 56.46s
20:44:49 - Verarbeitete Korean‑Elemente für Run 12: 324 in 39.49s
20:45:26 - Verarbeitete Korean‑Elemente für Run 12: 325 in 36.75s
20:46:23 - Verarbeitete Korean‑Elemente für Run 12: 326 in 56.19s
20:47:22 - Verarbeitete Korean‑Elemente für Run 12: 327 in 58.43s
20:47:59 - Verarbeitete Korean‑Elemente für Run 12: 328 in 37.09s
20:48:42 - Verarbeitete Korean‑Elemente für Run 12: 329 in 42.46s
20:49:27 - Verarbeitete Korean‑Elemente für Run 12: 330 in 44.56s
20:50:11 - Verarbeitete Korean‑Elemente für Run 12: 331 in 44.02s
20:51:05 - Verarbeitete Korean‑Elemente für Run 12: 332 in 53.14s
20:51:56 - Verarbeitete Korean‑Elemente für Run 12: 333 in 50.47s
20:52:55 - Verarbeitete Korean‑Elemente für Run 12: 334 in 58.4s
20:53:39 - Verarbeitete Korean‑Elemente für Run 12: 335 in 43.86s
20:54:18 - Verarbeitete Korean‑Elemente für Run 12: 336 in 38.89s
20:55:03 - Verarbeitete Korean‑Elemente für Run 12: 337 in 44.05s
20:55:56 - Verarbeitete Korean‑Elemente für Run 12: 338 in 53.25s
20:56:54 - Verarbeitete Korean‑Elemente für Run 12: 339 in 56.9s
20:57:33 - Verarbeitete Korean‑Elemente für Run 12: 340 in 39.23s
20:58:08 - Verarbeitete Korean‑Elemente für Run 12: 341 in 34.18s
20:58:49 - Verarbeitete Korean‑Elemente für Run 12: 342 in 40.71s
20:59:31 - Verarbeitete Korean‑Elemente für Run 12: 343 in 41.75s
21:00:09 - Verarbeitete Korean‑Elemente für Run 12: 344 in 37.73s
21:01:12 - Verarbeitete Korean‑Elemente für Run 12: 345 in 61.89s
21:02:09 - Verarbeitete Korean‑Elemente für Run 12: 346 in 57.16s
21:02:47 - Verarbeitete Korean‑Elemente für Run 12: 347 in 36.88s
21:03:40 - Verarbeitete Korean‑Elemente für Run 12: 348 in 53.47s
21:04:38 - Verarbeitete Korean‑Elemente für Run 12: 349 in 56.59s
21:05:31 - Verarbeitete Korean‑Elemente für Run 12: 350 in 52.77s
21:06:24 - Verarbeitete Korean‑Elemente für Run 12: 351 in 52.47s
21:07:21 - Verarbeitete Korean‑Elemente für Run 12: 352 in 57.06s
21:08:10 - Verarbeitete Korean‑Elemente für Run 12: 353 in 48.35s
21:09:08 - Verarbeitete Korean‑Elemente für Run 12: 354 in 56.94s
21:09:52 - Verarbeitete Korean‑Elemente für Run 12: 355 in 44.47s
Verarbeitung für Kontextgröße 8192 abgeschlossen.
Beginne Verarbeitung für Kontextgröße 16384 mit 532 Elementen.
21:11:06 - Verarbeitete Korean‑Elemente für Run 12: 356 in 73.23s
21:12:41 - Verarbeitete Korean‑Elemente für Run 12: 357 in 94.68s
21:13:47 - Verarbeitete Korean‑Elemente für Run 12: 358 in 65.88s
21:15:15 - Verarbeitete Korean‑Elemente für Run 12: 359 in 86.8s
21:16:20 - Verarbeitete Korean‑Elemente für Run 12: 360 in 64.54s
21:17:34 - Verarbeitete Korean‑Elemente für Run 12: 361 in 73.94s
21:18:40 - Verarbeitete Korean‑Elemente für Run 12: 362 in 64.9s
21:19:56 - Verarbeitete Korean‑Elemente für Run 12: 363 in 76.26s
21:21:13 - Verarbeitete Korean‑Elemente für Run 12: 364 in 76.77s
21:22:27 - Verarbeitete Korean‑Elemente für Run 12: 365 in 73.48s
21:23:36 - Verarbeitete Korean‑Elemente für Run 12: 366 in 68.53s
21:24:53 - Verarbeitete Korean‑Elemente für Run 12: 367 in 75.71s
21:25:55 - Verarbeitete Korean‑Elemente für Run 12: 368 in 61.61s
21:27:05 - Verarbeitete Korean‑Elemente für Run 12: 369 in 70.12s
21:28:09 - Verarbeitete Korean‑Elemente für Run 12: 370 in 63.09s
21:29:18 - Verarbeitete Korean‑Elemente für Run 12: 371 in 69.34s
21:30:18 - Verarbeitete Korean‑Elemente für Run 12: 372 in 59.6s
21:31:23 - Verarbeitete Korean‑Elemente für Run 12: 373 in 64.16s
21:32:26 - Verarbeitete Korean‑Elemente für Run 12: 374 in 62.42s
21:33:44 - Verarbeitete Korean‑Elemente für Run 12: 375 in 77.25s
21:34:31 - Verarbeitete Korean‑Elemente für Run 12: 376 in 46.24s
21:35:11 - Verarbeitete Korean‑Elemente für Run 12: 377 in 39.96s
21:36:08 - Verarbeitete Korean‑Elemente für Run 12: 378 in 56.86s
21:37:09 - Verarbeitete Korean‑Elemente für Run 12: 379 in 59.86s
21:38:05 - Verarbeitete Korean‑Elemente für Run 12: 380 in 55.56s
21:39:10 - Verarbeitete Korean‑Elemente für Run 12: 381 in 65.53s
21:40:08 - Verarbeitete Korean‑Elemente für Run 12: 382 in 57.53s
21:41:08 - Verarbeitete Korean‑Elemente für Run 12: 383 in 59.16s
21:42:19 - Verarbeitete Korean‑Elemente für Run 12: 384 in 70.5s
21:43:15 - Verarbeitete Korean‑Elemente für Run 12: 385 in 55.3s
21:44:24 - Verarbeitete Korean‑Elemente für Run 12: 386 in 68.38s
21:45:49 - Verarbeitete Korean‑Elemente für Run 12: 387 in 84.83s
21:46:47 - Verarbeitete Korean‑Elemente für Run 12: 388 in 58.18s
21:48:04 - Verarbeitete Korean‑Elemente für Run 12: 389 in 75.68s
21:48:59 - Verarbeitete Korean‑Elemente für Run 12: 390 in 54.65s
21:50:04 - Verarbeitete Korean‑Elemente für Run 12: 391 in 64.67s
21:50:58 - Verarbeitete Korean‑Elemente für Run 12: 392 in 53.25s
21:51:56 - Verarbeitete Korean‑Elemente für Run 12: 393 in 57.77s
21:53:00 - Verarbeitete Korean‑Elemente für Run 12: 394 in 63.94s
21:54:04 - Verarbeitete Korean‑Elemente für Run 12: 395 in 63.0s
21:55:25 - Verarbeitete Korean‑Elemente für Run 12: 396 in 80.78s
21:56:41 - Verarbeitete Korean‑Elemente für Run 12: 397 in 76.12s
21:58:00 - Verarbeitete Korean‑Elemente für Run 12: 398 in 78.38s
21:59:15 - Verarbeitete Korean‑Elemente für Run 12: 399 in 74.59s
22:00:19 - Verarbeitete Korean‑Elemente für Run 12: 400 in 63.95s
22:01:37 - Verarbeitete Korean‑Elemente für Run 12: 401 in 77.19s
22:02:32 - Verarbeitete Korean‑Elemente für Run 12: 402 in 54.85s
22:03:29 - Verarbeitete Korean‑Elemente für Run 12: 403 in 56.69s
22:04:37 - Verarbeitete Korean‑Elemente für Run 12: 404 in 66.76s
22:05:44 - Verarbeitete Korean‑Elemente für Run 12: 405 in 66.5s
22:06:41 - Verarbeitete Korean‑Elemente für Run 12: 406 in 57.05s
22:07:38 - Verarbeitete Korean‑Elemente für Run 12: 407 in 57.0s
22:08:48 - Verarbeitete Korean‑Elemente für Run 12: 408 in 69.63s
22:10:06 - Verarbeitete Korean‑Elemente für Run 12: 409 in 77.59s
22:11:16 - Verarbeitete Korean‑Elemente für Run 12: 410 in 69.42s
22:12:27 - Verarbeitete Korean‑Elemente für Run 12: 411 in 69.89s
22:13:24 - Verarbeitete Korean‑Elemente für Run 12: 412 in 56.55s
22:14:31 - Verarbeitete Korean‑Elemente für Run 12: 413 in 66.7s
22:15:36 - Verarbeitete Korean‑Elemente für Run 12: 414 in 64.46s
22:16:35 - Verarbeitete Korean‑Elemente für Run 12: 415 in 59.22s
22:17:22 - Verarbeitete Korean‑Elemente für Run 12: 416 in 46.06s
22:18:39 - Verarbeitete Korean‑Elemente für Run 12: 417 in 77.17s
22:19:53 - Verarbeitete Korean‑Elemente für Run 12: 418 in 73.62s
22:21:44 - Verarbeitete Korean‑Elemente für Run 12: 419 in 110.03s
22:22:49 - Verarbeitete Korean‑Elemente für Run 12: 420 in 64.72s
22:23:53 - Verarbeitete Korean‑Elemente für Run 12: 421 in 63.37s
22:24:54 - Verarbeitete Korean‑Elemente für Run 12: 422 in 60.52s
22:25:47 - Verarbeitete Korean‑Elemente für Run 12: 423 in 53.37s
22:26:43 - Verarbeitete Korean‑Elemente für Run 12: 424 in 55.11s
22:27:36 - Verarbeitete Korean‑Elemente für Run 12: 425 in 52.6s
22:28:49 - Verarbeitete Korean‑Elemente für Run 12: 426 in 72.67s
22:30:13 - Verarbeitete Korean‑Elemente für Run 12: 427 in 83.93s
22:32:03 - Verarbeitete Korean‑Elemente für Run 12: 428 in 109.39s
22:32:52 - Verarbeitete Korean‑Elemente für Run 12: 429 in 48.62s
22:33:35 - Verarbeitete Korean‑Elemente für Run 12: 430 in 42.23s
22:34:32 - Verarbeitete Korean‑Elemente für Run 12: 431 in 56.68s
22:35:53 - Verarbeitete Korean‑Elemente für Run 12: 432 in 80.54s
22:37:03 - Verarbeitete Korean‑Elemente für Run 12: 433 in 69.43s
22:37:49 - Verarbeitete Korean‑Elemente für Run 12: 434 in 45.85s
22:39:00 - Verarbeitete Korean‑Elemente für Run 12: 435 in 70.14s
22:40:25 - Verarbeitete Korean‑Elemente für Run 12: 436 in 84.75s
22:41:52 - Verarbeitete Korean‑Elemente für Run 12: 437 in 86.46s
22:43:01 - Verarbeitete Korean‑Elemente für Run 12: 438 in 68.88s
22:44:06 - Verarbeitete Korean‑Elemente für Run 12: 439 in 65.11s
22:45:24 - Verarbeitete Korean‑Elemente für Run 12: 440 in 77.28s
22:46:20 - Verarbeitete Korean‑Elemente für Run 12: 441 in 55.45s
22:47:50 - Verarbeitete Korean‑Elemente für Run 12: 442 in 89.18s
22:49:07 - Verarbeitete Korean‑Elemente für Run 12: 443 in 76.6s
22:50:17 - Verarbeitete Korean‑Elemente für Run 12: 444 in 69.7s
22:51:30 - Verarbeitete Korean‑Elemente für Run 12: 445 in 72.68s
22:52:37 - Verarbeitete Korean‑Elemente für Run 12: 446 in 66.79s
22:53:39 - Verarbeitete Korean‑Elemente für Run 12: 447 in 60.7s
22:55:00 - Verarbeitete Korean‑Elemente für Run 12: 448 in 81.54s
22:56:15 - Verarbeitete Korean‑Elemente für Run 12: 449 in 73.65s
22:57:26 - Verarbeitete Korean‑Elemente für Run 12: 450 in 70.79s
22:58:43 - Verarbeitete Korean‑Elemente für Run 12: 451 in 77.12s
23:00:08 - Verarbeitete Korean‑Elemente für Run 12: 452 in 83.92s
23:01:01 - Verarbeitete Korean‑Elemente für Run 12: 453 in 53.21s
23:02:00 - Verarbeitete Korean‑Elemente für Run 12: 454 in 58.59s
23:03:06 - Verarbeitete Korean‑Elemente für Run 12: 455 in 65.71s
23:04:04 - Verarbeitete Korean‑Elemente für Run 12: 456 in 57.58s
23:05:15 - Verarbeitete Korean‑Elemente für Run 12: 457 in 70.48s
23:06:20 - Verarbeitete Korean‑Elemente für Run 12: 458 in 64.16s
23:07:03 - Verarbeitete Korean‑Elemente für Run 12: 459 in 42.45s
23:08:01 - Verarbeitete Korean‑Elemente für Run 12: 460 in 58.34s
23:08:56 - Verarbeitete Korean‑Elemente für Run 12: 461 in 53.67s
23:09:39 - Verarbeitete Korean‑Elemente für Run 12: 462 in 42.97s
23:10:37 - Verarbeitete Korean‑Elemente für Run 12: 463 in 57.46s
23:11:41 - Verarbeitete Korean‑Elemente für Run 12: 464 in 64.14s
23:12:42 - Verarbeitete Korean‑Elemente für Run 12: 465 in 60.66s
23:13:40 - Verarbeitete Korean‑Elemente für Run 12: 466 in 57.22s
23:14:43 - Verarbeitete Korean‑Elemente für Run 12: 467 in 62.65s
23:15:53 - Verarbeitete Korean‑Elemente für Run 12: 468 in 69.63s
23:17:02 - Verarbeitete Korean‑Elemente für Run 12: 469 in 68.32s
23:18:07 - Verarbeitete Korean‑Elemente für Run 12: 470 in 65.05s
23:19:21 - Verarbeitete Korean‑Elemente für Run 12: 471 in 73.23s
23:20:14 - Verarbeitete Korean‑Elemente für Run 12: 472 in 52.49s
23:21:30 - Verarbeitete Korean‑Elemente für Run 12: 473 in 75.02s
23:22:48 - Verarbeitete Korean‑Elemente für Run 12: 474 in 78.21s
23:23:57 - Verarbeitete Korean‑Elemente für Run 12: 475 in 68.04s
23:24:58 - Verarbeitete Korean‑Elemente für Run 12: 476 in 60.45s
23:25:48 - Verarbeitete Korean‑Elemente für Run 12: 477 in 49.51s
23:26:58 - Verarbeitete Korean‑Elemente für Run 12: 478 in 70.01s
23:27:54 - Verarbeitete Korean‑Elemente für Run 12: 479 in 55.89s
23:28:42 - Verarbeitete Korean‑Elemente für Run 12: 480 in 46.92s
23:30:01 - Verarbeitete Korean‑Elemente für Run 12: 481 in 78.36s
23:31:22 - Verarbeitete Korean‑Elemente für Run 12: 482 in 81.3s
23:32:16 - Verarbeitete Korean‑Elemente für Run 12: 483 in 52.64s
23:33:41 - Verarbeitete Korean‑Elemente für Run 12: 484 in 84.73s
23:34:50 - Verarbeitete Korean‑Elemente für Run 12: 485 in 68.92s
23:35:45 - Verarbeitete Korean‑Elemente für Run 12: 486 in 54.14s
23:36:39 - Verarbeitete Korean‑Elemente für Run 12: 487 in 53.95s
23:37:50 - Verarbeitete Korean‑Elemente für Run 12: 488 in 70.88s
23:38:58 - Verarbeitete Korean‑Elemente für Run 12: 489 in 67.09s
23:40:16 - Verarbeitete Korean‑Elemente für Run 12: 490 in 77.9s
23:41:32 - Verarbeitete Korean‑Elemente für Run 12: 491 in 75.82s
23:42:48 - Verarbeitete Korean‑Elemente für Run 12: 492 in 74.83s
23:44:12 - Verarbeitete Korean‑Elemente für Run 12: 493 in 84.27s
23:45:44 - Verarbeitete Korean‑Elemente für Run 12: 494 in 90.85s
23:46:53 - Verarbeitete Korean‑Elemente für Run 12: 495 in 68.93s
23:48:03 - Verarbeitete Korean‑Elemente für Run 12: 496 in 69.76s
23:49:13 - Verarbeitete Korean‑Elemente für Run 12: 497 in 69.8s
23:50:21 - Verarbeitete Korean‑Elemente für Run 12: 498 in 66.69s
23:51:29 - Verarbeitete Korean‑Elemente für Run 12: 499 in 67.96s
23:52:14 - Verarbeitete Korean‑Elemente für Run 12: 500 in 44.77s
23:53:22 - Verarbeitete Korean‑Elemente für Run 12: 501 in 67.36s
23:54:09 - Verarbeitete Korean‑Elemente für Run 12: 502 in 46.3s
23:54:58 - Verarbeitete Korean‑Elemente für Run 12: 503 in 49.42s
23:55:50 - Verarbeitete Korean‑Elemente für Run 12: 504 in 51.05s
23:56:47 - Verarbeitete Korean‑Elemente für Run 12: 505 in 56.6s
23:57:47 - Verarbeitete Korean‑Elemente für Run 12: 506 in 60.1s
23:58:56 - Verarbeitete Korean‑Elemente für Run 12: 507 in 68.31s
00:00:06 - Verarbeitete Korean‑Elemente für Run 12: 508 in 69.08s
00:01:23 - Verarbeitete Korean‑Elemente für Run 12: 509 in 76.94s
00:02:26 - Verarbeitete Korean‑Elemente für Run 12: 510 in 63.07s
00:03:20 - Verarbeitete Korean‑Elemente für Run 12: 511 in 53.03s
00:04:30 - Verarbeitete Korean‑Elemente für Run 12: 512 in 69.39s
00:05:32 - Verarbeitete Korean‑Elemente für Run 12: 513 in 62.2s
00:06:56 - Verarbeitete Korean‑Elemente für Run 12: 514 in 82.89s
00:08:19 - Verarbeitete Korean‑Elemente für Run 12: 515 in 83.25s
00:09:30 - Verarbeitete Korean‑Elemente für Run 12: 516 in 70.36s
00:10:38 - Verarbeitete Korean‑Elemente für Run 12: 517 in 67.12s
00:11:40 - Verarbeitete Korean‑Elemente für Run 12: 518 in 61.88s
00:12:58 - Verarbeitete Korean‑Elemente für Run 12: 519 in 77.76s
00:14:10 - Verarbeitete Korean‑Elemente für Run 12: 520 in 71.29s
00:15:15 - Verarbeitete Korean‑Elemente für Run 12: 521 in 64.42s
00:16:20 - Verarbeitete Korean‑Elemente für Run 12: 522 in 64.82s
00:17:25 - Verarbeitete Korean‑Elemente für Run 12: 523 in 65.18s
00:18:45 - Verarbeitete Korean‑Elemente für Run 12: 524 in 78.99s
00:19:37 - Verarbeitete Korean‑Elemente für Run 12: 525 in 51.36s
00:20:27 - Verarbeitete Korean‑Elemente für Run 12: 526 in 49.9s
00:21:23 - Verarbeitete Korean‑Elemente für Run 12: 527 in 54.8s
00:22:06 - Verarbeitete Korean‑Elemente für Run 12: 528 in 43.27s
00:23:17 - Verarbeitete Korean‑Elemente für Run 12: 529 in 69.96s
00:24:34 - Verarbeitete Korean‑Elemente für Run 12: 530 in 77.15s
00:25:23 - Verarbeitete Korean‑Elemente für Run 12: 531 in 48.41s
00:26:35 - Verarbeitete Korean‑Elemente für Run 12: 532 in 71.56s
00:27:34 - Verarbeitete Korean‑Elemente für Run 12: 533 in 58.84s
00:28:59 - Verarbeitete Korean‑Elemente für Run 12: 534 in 84.32s
00:29:52 - Verarbeitete Korean‑Elemente für Run 12: 535 in 52.64s
00:31:17 - Verarbeitete Korean‑Elemente für Run 12: 536 in 84.8s
00:32:23 - Verarbeitete Korean‑Elemente für Run 12: 537 in 65.04s
00:33:17 - Verarbeitete Korean‑Elemente für Run 12: 538 in 54.15s
00:34:10 - Verarbeitete Korean‑Elemente für Run 12: 539 in 52.48s
00:35:08 - Verarbeitete Korean‑Elemente für Run 12: 540 in 57.34s
00:36:23 - Verarbeitete Korean‑Elemente für Run 12: 541 in 74.28s
00:37:26 - Verarbeitete Korean‑Elemente für Run 12: 542 in 62.8s
00:38:47 - Verarbeitete Korean‑Elemente für Run 12: 543 in 80.78s
00:39:45 - Verarbeitete Korean‑Elemente für Run 12: 544 in 57.66s
00:40:47 - Verarbeitete Korean‑Elemente für Run 12: 545 in 61.07s
00:42:14 - Verarbeitete Korean‑Elemente für Run 12: 546 in 87.02s
00:43:07 - Verarbeitete Korean‑Elemente für Run 12: 547 in 52.98s
00:44:20 - Verarbeitete Korean‑Elemente für Run 12: 548 in 72.1s
00:45:24 - Verarbeitete Korean‑Elemente für Run 12: 549 in 63.59s
00:46:17 - Verarbeitete Korean‑Elemente für Run 12: 550 in 52.4s
00:47:15 - Verarbeitete Korean‑Elemente für Run 12: 551 in 58.12s
00:48:27 - Verarbeitete Korean‑Elemente für Run 12: 552 in 71.3s
00:49:36 - Verarbeitete Korean‑Elemente für Run 12: 553 in 68.75s
00:50:47 - Verarbeitete Korean‑Elemente für Run 12: 554 in 70.29s
00:51:43 - Verarbeitete Korean‑Elemente für Run 12: 555 in 55.8s
00:53:07 - Verarbeitete Korean‑Elemente für Run 12: 556 in 83.54s
00:54:18 - Verarbeitete Korean‑Elemente für Run 12: 557 in 70.41s
00:55:27 - Verarbeitete Korean‑Elemente für Run 12: 558 in 68.6s
00:56:38 - Verarbeitete Korean‑Elemente für Run 12: 559 in 70.39s
00:57:23 - Verarbeitete Korean‑Elemente für Run 12: 560 in 44.31s
00:58:31 - Verarbeitete Korean‑Elemente für Run 12: 561 in 67.64s
00:59:23 - Verarbeitete Korean‑Elemente für Run 12: 562 in 51.8s
01:00:35 - Verarbeitete Korean‑Elemente für Run 12: 563 in 71.09s
01:01:27 - Verarbeitete Korean‑Elemente für Run 12: 564 in 51.78s
01:02:39 - Verarbeitete Korean‑Elemente für Run 12: 565 in 71.4s
01:03:55 - Verarbeitete Korean‑Elemente für Run 12: 566 in 75.86s
01:05:00 - Verarbeitete Korean‑Elemente für Run 12: 567 in 64.79s
01:06:10 - Verarbeitete Korean‑Elemente für Run 12: 568 in 69.25s
01:07:09 - Verarbeitete Korean‑Elemente für Run 12: 569 in 58.28s
01:08:17 - Verarbeitete Korean‑Elemente für Run 12: 570 in 67.64s
01:09:28 - Verarbeitete Korean‑Elemente für Run 12: 571 in 71.21s
01:10:34 - Verarbeitete Korean‑Elemente für Run 12: 572 in 65.12s
01:11:30 - Verarbeitete Korean‑Elemente für Run 12: 573 in 56.09s
01:12:30 - Verarbeitete Korean‑Elemente für Run 12: 574 in 59.18s
01:13:35 - Verarbeitete Korean‑Elemente für Run 12: 575 in 65.02s
01:14:52 - Verarbeitete Korean‑Elemente für Run 12: 576 in 75.95s
01:15:47 - Verarbeitete Korean‑Elemente für Run 12: 577 in 54.75s
01:16:42 - Verarbeitete Korean‑Elemente für Run 12: 578 in 55.12s
01:17:51 - Verarbeitete Korean‑Elemente für Run 12: 579 in 68.34s
01:18:56 - Verarbeitete Korean‑Elemente für Run 12: 580 in 64.46s
01:20:05 - Verarbeitete Korean‑Elemente für Run 12: 581 in 69.08s
01:20:58 - Verarbeitete Korean‑Elemente für Run 12: 582 in 52.28s
01:22:07 - Verarbeitete Korean‑Elemente für Run 12: 583 in 68.54s
01:23:22 - Verarbeitete Korean‑Elemente für Run 12: 584 in 74.24s
01:24:46 - Verarbeitete Korean‑Elemente für Run 12: 585 in 83.33s
01:25:40 - Verarbeitete Korean‑Elemente für Run 12: 586 in 53.69s
01:26:44 - Verarbeitete Korean‑Elemente für Run 12: 587 in 63.51s
01:27:50 - Verarbeitete Korean‑Elemente für Run 12: 588 in 66.11s
01:28:58 - Verarbeitete Korean‑Elemente für Run 12: 589 in 67.51s
01:30:14 - Verarbeitete Korean‑Elemente für Run 12: 590 in 75.7s
01:31:09 - Verarbeitete Korean‑Elemente für Run 12: 591 in 54.21s
01:32:27 - Verarbeitete Korean‑Elemente für Run 12: 592 in 77.85s
01:33:46 - Verarbeitete Korean‑Elemente für Run 12: 593 in 78.77s
01:35:05 - Verarbeitete Korean‑Elemente für Run 12: 594 in 78.23s
01:36:16 - Verarbeitete Korean‑Elemente für Run 12: 595 in 70.43s
01:37:35 - Verarbeitete Korean‑Elemente für Run 12: 596 in 79.08s
01:38:43 - Verarbeitete Korean‑Elemente für Run 12: 597 in 67.36s
01:39:40 - Verarbeitete Korean‑Elemente für Run 12: 598 in 56.23s
01:40:49 - Verarbeitete Korean‑Elemente für Run 12: 599 in 69.45s
01:41:57 - Verarbeitete Korean‑Elemente für Run 12: 600 in 67.1s
01:43:04 - Verarbeitete Korean‑Elemente für Run 12: 601 in 66.28s
01:43:52 - Verarbeitete Korean‑Elemente für Run 12: 602 in 47.51s
01:44:56 - Verarbeitete Korean‑Elemente für Run 12: 603 in 63.41s
01:46:15 - Verarbeitete Korean‑Elemente für Run 12: 604 in 79.23s
01:47:08 - Verarbeitete Korean‑Elemente für Run 12: 605 in 52.18s
01:48:23 - Verarbeitete Korean‑Elemente für Run 12: 606 in 74.2s
01:49:24 - Verarbeitete Korean‑Elemente für Run 12: 607 in 60.78s
01:50:20 - Verarbeitete Korean‑Elemente für Run 12: 608 in 55.39s
01:51:32 - Verarbeitete Korean‑Elemente für Run 12: 609 in 71.62s
01:52:49 - Verarbeitete Korean‑Elemente für Run 12: 610 in 76.41s
01:54:01 - Verarbeitete Korean‑Elemente für Run 12: 611 in 71.99s
01:55:11 - Verarbeitete Korean‑Elemente für Run 12: 612 in 69.04s
01:56:02 - Verarbeitete Korean‑Elemente für Run 12: 613 in 50.57s
01:57:07 - Verarbeitete Korean‑Elemente für Run 12: 614 in 65.2s
01:58:00 - Verarbeitete Korean‑Elemente für Run 12: 615 in 52.55s
01:58:59 - Verarbeitete Korean‑Elemente für Run 12: 616 in 58.53s
01:59:48 - Verarbeitete Korean‑Elemente für Run 12: 617 in 48.02s
02:01:01 - Verarbeitete Korean‑Elemente für Run 12: 618 in 72.73s
02:02:05 - Verarbeitete Korean‑Elemente für Run 12: 619 in 63.98s
02:03:04 - Verarbeitete Korean‑Elemente für Run 12: 620 in 57.8s
02:04:22 - Verarbeitete Korean‑Elemente für Run 12: 621 in 77.57s
02:05:31 - Verarbeitete Korean‑Elemente für Run 12: 622 in 68.53s
02:06:49 - Verarbeitete Korean‑Elemente für Run 12: 623 in 77.53s
02:07:56 - Verarbeitete Korean‑Elemente für Run 12: 624 in 66.9s
02:09:03 - Verarbeitete Korean‑Elemente für Run 12: 625 in 66.28s
02:10:09 - Verarbeitete Korean‑Elemente für Run 12: 626 in 65.79s
02:11:17 - Verarbeitete Korean‑Elemente für Run 12: 627 in 67.33s
02:12:10 - Verarbeitete Korean‑Elemente für Run 12: 628 in 52.35s
02:13:08 - Verarbeitete Korean‑Elemente für Run 12: 629 in 58.32s
02:14:30 - Verarbeitete Korean‑Elemente für Run 12: 630 in 81.25s
02:15:30 - Verarbeitete Korean‑Elemente für Run 12: 631 in 59.24s
02:16:16 - Verarbeitete Korean‑Elemente für Run 12: 632 in 46.14s
02:16:57 - Verarbeitete Korean‑Elemente für Run 12: 633 in 40.04s
02:18:03 - Verarbeitete Korean‑Elemente für Run 12: 634 in 66.28s
02:19:24 - Verarbeitete Korean‑Elemente für Run 12: 635 in 80.02s
02:20:50 - Verarbeitete Korean‑Elemente für Run 12: 636 in 85.93s
02:21:52 - Verarbeitete Korean‑Elemente für Run 12: 637 in 61.36s
02:22:54 - Verarbeitete Korean‑Elemente für Run 12: 638 in 61.39s
02:23:50 - Verarbeitete Korean‑Elemente für Run 12: 639 in 55.37s
02:25:08 - Verarbeitete Korean‑Elemente für Run 12: 640 in 78.53s
02:26:08 - Verarbeitete Korean‑Elemente für Run 12: 641 in 59.14s
02:27:11 - Verarbeitete Korean‑Elemente für Run 12: 642 in 62.66s
02:28:03 - Verarbeitete Korean‑Elemente für Run 12: 643 in 51.36s
02:29:08 - Verarbeitete Korean‑Elemente für Run 12: 644 in 64.77s
02:30:02 - Verarbeitete Korean‑Elemente für Run 12: 645 in 53.72s
02:31:00 - Verarbeitete Korean‑Elemente für Run 12: 646 in 56.94s
02:32:05 - Verarbeitete Korean‑Elemente für Run 12: 647 in 65.16s
02:33:13 - Verarbeitete Korean‑Elemente für Run 12: 648 in 67.68s
02:34:13 - Verarbeitete Korean‑Elemente für Run 12: 649 in 59.39s
02:35:22 - Verarbeitete Korean‑Elemente für Run 12: 650 in 68.26s
02:36:51 - Verarbeitete Korean‑Elemente für Run 12: 651 in 88.42s
02:38:01 - Verarbeitete Korean‑Elemente für Run 12: 652 in 69.8s
02:38:46 - Verarbeitete Korean‑Elemente für Run 12: 653 in 44.79s
02:40:09 - Verarbeitete Korean‑Elemente für Run 12: 654 in 82.84s
02:41:07 - Verarbeitete Korean‑Elemente für Run 12: 655 in 57.39s
02:41:59 - Verarbeitete Korean‑Elemente für Run 12: 656 in 51.07s
02:42:54 - Verarbeitete Korean‑Elemente für Run 12: 657 in 54.84s
02:43:55 - Verarbeitete Korean‑Elemente für Run 12: 658 in 60.88s
02:45:02 - Verarbeitete Korean‑Elemente für Run 12: 659 in 65.69s
02:46:30 - Verarbeitete Korean‑Elemente für Run 12: 660 in 87.92s
02:47:51 - Verarbeitete Korean‑Elemente für Run 12: 661 in 80.16s
02:49:16 - Verarbeitete Korean‑Elemente für Run 12: 662 in 85.51s
02:50:25 - Verarbeitete Korean‑Elemente für Run 12: 663 in 68.29s
02:51:24 - Verarbeitete Korean‑Elemente für Run 12: 664 in 58.58s
02:52:37 - Verarbeitete Korean‑Elemente für Run 12: 665 in 72.69s
02:53:50 - Verarbeitete Korean‑Elemente für Run 12: 666 in 71.7s
02:55:03 - Verarbeitete Korean‑Elemente für Run 12: 667 in 73.08s
02:56:06 - Verarbeitete Korean‑Elemente für Run 12: 668 in 62.37s
02:57:33 - Verarbeitete Korean‑Elemente für Run 12: 669 in 86.32s
02:58:46 - Verarbeitete Korean‑Elemente für Run 12: 670 in 73.15s
02:59:47 - Verarbeitete Korean‑Elemente für Run 12: 671 in 60.45s
03:01:01 - Verarbeitete Korean‑Elemente für Run 12: 672 in 73.54s
03:02:10 - Verarbeitete Korean‑Elemente für Run 12: 673 in 68.1s
03:03:11 - Verarbeitete Korean‑Elemente für Run 12: 674 in 60.46s
03:04:20 - Verarbeitete Korean‑Elemente für Run 12: 675 in 68.5s
03:05:22 - Verarbeitete Korean‑Elemente für Run 12: 676 in 61.73s
03:06:28 - Verarbeitete Korean‑Elemente für Run 12: 677 in 65.62s
03:07:37 - Verarbeitete Korean‑Elemente für Run 12: 678 in 68.56s
03:08:19 - Verarbeitete Korean‑Elemente für Run 12: 679 in 41.4s
03:09:00 - Verarbeitete Korean‑Elemente für Run 12: 680 in 40.76s
03:10:01 - Verarbeitete Korean‑Elemente für Run 12: 681 in 60.24s
03:11:30 - Verarbeitete Korean‑Elemente für Run 12: 682 in 88.55s
03:12:53 - Verarbeitete Korean‑Elemente für Run 12: 683 in 83.3s
03:13:43 - Verarbeitete Korean‑Elemente für Run 12: 684 in 48.7s
03:15:23 - Verarbeitete Korean‑Elemente für Run 12: 685 in 99.55s
03:16:15 - Verarbeitete Korean‑Elemente für Run 12: 686 in 51.72s
03:17:26 - Verarbeitete Korean‑Elemente für Run 12: 687 in 70.46s
03:18:24 - Verarbeitete Korean‑Elemente für Run 12: 688 in 57.93s
03:19:23 - Verarbeitete Korean‑Elemente für Run 12: 689 in 59.01s
03:20:21 - Verarbeitete Korean‑Elemente für Run 12: 690 in 57.53s
03:21:31 - Verarbeitete Korean‑Elemente für Run 12: 691 in 68.93s
03:22:24 - Verarbeitete Korean‑Elemente für Run 12: 692 in 52.65s
03:23:29 - Verarbeitete Korean‑Elemente für Run 12: 693 in 64.66s
03:24:37 - Verarbeitete Korean‑Elemente für Run 12: 694 in 67.65s
03:25:37 - Verarbeitete Korean‑Elemente für Run 12: 695 in 59.89s
03:26:28 - Verarbeitete Korean‑Elemente für Run 12: 696 in 50.57s
03:27:43 - Verarbeitete Korean‑Elemente für Run 12: 697 in 74.96s
03:29:10 - Verarbeitete Korean‑Elemente für Run 12: 698 in 85.64s
03:30:05 - Verarbeitete Korean‑Elemente für Run 12: 699 in 55.2s
03:31:27 - Verarbeitete Korean‑Elemente für Run 12: 700 in 81.42s
03:32:23 - Verarbeitete Korean‑Elemente für Run 12: 701 in 55.79s
03:33:38 - Verarbeitete Korean‑Elemente für Run 12: 702 in 74.28s
03:34:43 - Verarbeitete Korean‑Elemente für Run 12: 703 in 65.02s
03:36:01 - Verarbeitete Korean‑Elemente für Run 12: 704 in 76.93s
03:37:30 - Verarbeitete Korean‑Elemente für Run 12: 705 in 88.92s
03:38:42 - Verarbeitete Korean‑Elemente für Run 12: 706 in 71.57s
03:39:51 - Verarbeitete Korean‑Elemente für Run 12: 707 in 68.76s
03:40:54 - Verarbeitete Korean‑Elemente für Run 12: 708 in 61.96s
03:41:53 - Verarbeitete Korean‑Elemente für Run 12: 709 in 59.48s
03:43:09 - Verarbeitete Korean‑Elemente für Run 12: 710 in 74.92s
03:44:10 - Verarbeitete Korean‑Elemente für Run 12: 711 in 60.69s
03:45:12 - Verarbeitete Korean‑Elemente für Run 12: 712 in 61.94s
03:46:12 - Verarbeitete Korean‑Elemente für Run 12: 713 in 59.81s
03:47:07 - Verarbeitete Korean‑Elemente für Run 12: 714 in 54.21s
03:48:20 - Verarbeitete Korean‑Elemente für Run 12: 715 in 72.85s
03:49:22 - Verarbeitete Korean‑Elemente für Run 12: 716 in 60.74s
03:50:36 - Verarbeitete Korean‑Elemente für Run 12: 717 in 74.43s
03:51:23 - Verarbeitete Korean‑Elemente für Run 12: 718 in 46.23s
03:52:09 - Verarbeitete Korean‑Elemente für Run 12: 719 in 45.59s
03:53:13 - Verarbeitete Korean‑Elemente für Run 12: 720 in 63.72s
03:54:17 - Verarbeitete Korean‑Elemente für Run 12: 721 in 63.0s
03:55:55 - Verarbeitete Korean‑Elemente für Run 12: 722 in 97.66s
03:56:44 - Verarbeitete Korean‑Elemente für Run 12: 723 in 49.24s
03:57:53 - Verarbeitete Korean‑Elemente für Run 12: 724 in 68.43s
03:59:05 - Verarbeitete Korean‑Elemente für Run 12: 725 in 71.05s
04:00:01 - Verarbeitete Korean‑Elemente für Run 12: 726 in 56.08s
04:01:04 - Verarbeitete Korean‑Elemente für Run 12: 727 in 62.5s
04:01:49 - Verarbeitete Korean‑Elemente für Run 12: 728 in 44.25s
04:03:00 - Verarbeitete Korean‑Elemente für Run 12: 729 in 70.4s
04:04:28 - Verarbeitete Korean‑Elemente für Run 12: 730 in 88.13s
04:05:25 - Verarbeitete Korean‑Elemente für Run 12: 731 in 55.86s
04:06:54 - Verarbeitete Korean‑Elemente für Run 12: 732 in 88.64s
04:07:46 - Verarbeitete Korean‑Elemente für Run 12: 733 in 51.71s
04:08:51 - Verarbeitete Korean‑Elemente für Run 12: 734 in 64.81s
04:09:47 - Verarbeitete Korean‑Elemente für Run 12: 735 in 55.74s
04:10:59 - Verarbeitete Korean‑Elemente für Run 12: 736 in 70.99s
04:12:07 - Verarbeitete Korean‑Elemente für Run 12: 737 in 68.02s
04:13:13 - Verarbeitete Korean‑Elemente für Run 12: 738 in 64.83s
04:13:53 - Verarbeitete Korean‑Elemente für Run 12: 739 in 40.09s
04:15:46 - Verarbeitete Korean‑Elemente für Run 12: 740 in 112.37s
04:16:40 - Verarbeitete Korean‑Elemente für Run 12: 741 in 52.9s
04:17:40 - Verarbeitete Korean‑Elemente für Run 12: 742 in 60.05s
04:18:32 - Verarbeitete Korean‑Elemente für Run 12: 743 in 51.3s
04:19:46 - Verarbeitete Korean‑Elemente für Run 12: 744 in 73.89s
04:20:48 - Verarbeitete Korean‑Elemente für Run 12: 745 in 61.14s
04:21:40 - Verarbeitete Korean‑Elemente für Run 12: 746 in 52.35s
04:22:42 - Verarbeitete Korean‑Elemente für Run 12: 747 in 61.21s
04:24:04 - Verarbeitete Korean‑Elemente für Run 12: 748 in 81.88s
04:25:08 - Verarbeitete Korean‑Elemente für Run 12: 749 in 63.38s
04:26:16 - Verarbeitete Korean‑Elemente für Run 12: 750 in 67.11s
04:27:26 - Verarbeitete Korean‑Elemente für Run 12: 751 in 70.32s
04:28:38 - Verarbeitete Korean‑Elemente für Run 12: 752 in 71.25s
04:29:37 - Verarbeitete Korean‑Elemente für Run 12: 753 in 58.42s
04:30:45 - Verarbeitete Korean‑Elemente für Run 12: 754 in 67.89s
04:32:03 - Verarbeitete Korean‑Elemente für Run 12: 755 in 76.98s
04:33:15 - Verarbeitete Korean‑Elemente für Run 12: 756 in 71.77s
04:34:22 - Verarbeitete Korean‑Elemente für Run 12: 757 in 66.4s
04:35:31 - Verarbeitete Korean‑Elemente für Run 12: 758 in 69.36s
04:36:34 - Verarbeitete Korean‑Elemente für Run 12: 759 in 62.39s
04:37:34 - Verarbeitete Korean‑Elemente für Run 12: 760 in 58.97s
04:38:35 - Verarbeitete Korean‑Elemente für Run 12: 761 in 60.54s
04:39:24 - Verarbeitete Korean‑Elemente für Run 12: 762 in 48.67s
04:40:39 - Verarbeitete Korean‑Elemente für Run 12: 763 in 74.51s
04:41:52 - Verarbeitete Korean‑Elemente für Run 12: 764 in 73.15s
04:43:00 - Verarbeitete Korean‑Elemente für Run 12: 765 in 67.31s
04:44:23 - Verarbeitete Korean‑Elemente für Run 12: 766 in 82.82s
04:45:29 - Verarbeitete Korean‑Elemente für Run 12: 767 in 65.23s
04:46:32 - Verarbeitete Korean‑Elemente für Run 12: 768 in 63.16s
04:47:45 - Verarbeitete Korean‑Elemente für Run 12: 769 in 71.86s
04:48:40 - Verarbeitete Korean‑Elemente für Run 12: 770 in 55.35s
04:50:03 - Verarbeitete Korean‑Elemente für Run 12: 771 in 81.93s
04:51:24 - Verarbeitete Korean‑Elemente für Run 12: 772 in 81.27s
04:52:11 - Verarbeitete Korean‑Elemente für Run 12: 773 in 46.1s
04:53:49 - Verarbeitete Korean‑Elemente für Run 12: 774 in 97.56s
04:55:12 - Verarbeitete Korean‑Elemente für Run 12: 775 in 82.38s
04:56:23 - Verarbeitete Korean‑Elemente für Run 12: 776 in 70.81s
04:57:28 - Verarbeitete Korean‑Elemente für Run 12: 777 in 64.6s
04:58:33 - Verarbeitete Korean‑Elemente für Run 12: 778 in 64.87s
04:59:34 - Verarbeitete Korean‑Elemente für Run 12: 779 in 59.98s
05:00:32 - Verarbeitete Korean‑Elemente für Run 12: 780 in 58.43s
05:01:40 - Verarbeitete Korean‑Elemente für Run 12: 781 in 67.29s
05:02:35 - Verarbeitete Korean‑Elemente für Run 12: 782 in 54.83s
05:03:29 - Verarbeitete Korean‑Elemente für Run 12: 783 in 53.18s
05:04:25 - Verarbeitete Korean‑Elemente für Run 12: 784 in 55.5s
05:05:53 - Verarbeitete Korean‑Elemente für Run 12: 785 in 88.18s
05:06:54 - Verarbeitete Korean‑Elemente für Run 12: 786 in 59.89s
05:08:04 - Verarbeitete Korean‑Elemente für Run 12: 787 in 69.7s
05:08:52 - Verarbeitete Korean‑Elemente für Run 12: 788 in 47.31s
05:10:01 - Verarbeitete Korean‑Elemente für Run 12: 789 in 68.57s
05:11:03 - Verarbeitete Korean‑Elemente für Run 12: 790 in 61.47s
05:12:17 - Verarbeitete Korean‑Elemente für Run 12: 791 in 73.94s
05:13:23 - Verarbeitete Korean‑Elemente für Run 12: 792 in 65.28s
05:14:38 - Verarbeitete Korean‑Elemente für Run 12: 793 in 74.73s
05:15:48 - Verarbeitete Korean‑Elemente für Run 12: 794 in 69.35s
05:16:55 - Verarbeitete Korean‑Elemente für Run 12: 795 in 66.61s
05:18:01 - Verarbeitete Korean‑Elemente für Run 12: 796 in 65.73s
05:18:45 - Verarbeitete Korean‑Elemente für Run 12: 797 in 43.35s
05:20:10 - Verarbeitete Korean‑Elemente für Run 12: 798 in 84.93s
05:21:29 - Verarbeitete Korean‑Elemente für Run 12: 799 in 78.44s
05:22:32 - Verarbeitete Korean‑Elemente für Run 12: 800 in 62.87s
05:23:34 - Verarbeitete Korean‑Elemente für Run 12: 801 in 61.58s
05:24:53 - Verarbeitete Korean‑Elemente für Run 12: 802 in 78.48s
05:25:55 - Verarbeitete Korean‑Elemente für Run 12: 803 in 61.14s
05:26:40 - Verarbeitete Korean‑Elemente für Run 12: 804 in 44.15s
05:27:49 - Verarbeitete Korean‑Elemente für Run 12: 805 in 69.2s
05:28:48 - Verarbeitete Korean‑Elemente für Run 12: 806 in 58.5s
05:29:29 - Verarbeitete Korean‑Elemente für Run 12: 807 in 39.95s
05:30:57 - Verarbeitete Korean‑Elemente für Run 12: 808 in 88.1s
05:32:17 - Verarbeitete Korean‑Elemente für Run 12: 809 in 79.32s
05:33:24 - Verarbeitete Korean‑Elemente für Run 12: 810 in 66.67s
05:34:24 - Verarbeitete Korean‑Elemente für Run 12: 811 in 59.37s
05:35:28 - Verarbeitete Korean‑Elemente für Run 12: 812 in 63.59s
05:36:18 - Verarbeitete Korean‑Elemente für Run 12: 813 in 48.95s
05:37:11 - Verarbeitete Korean‑Elemente für Run 12: 814 in 52.69s
05:38:07 - Verarbeitete Korean‑Elemente für Run 12: 815 in 56.24s
05:38:55 - Verarbeitete Korean‑Elemente für Run 12: 816 in 47.44s
05:40:02 - Verarbeitete Korean‑Elemente für Run 12: 817 in 66.79s
05:40:54 - Verarbeitete Korean‑Elemente für Run 12: 818 in 50.93s
05:42:24 - Verarbeitete Korean‑Elemente für Run 12: 819 in 89.92s
05:43:29 - Verarbeitete Korean‑Elemente für Run 12: 820 in 64.6s
05:44:40 - Verarbeitete Korean‑Elemente für Run 12: 821 in 70.16s
05:45:24 - Verarbeitete Korean‑Elemente für Run 12: 822 in 43.73s
05:46:25 - Verarbeitete Korean‑Elemente für Run 12: 823 in 61.0s
05:47:20 - Verarbeitete Korean‑Elemente für Run 12: 824 in 54.34s
05:48:25 - Verarbeitete Korean‑Elemente für Run 12: 825 in 65.02s
05:49:27 - Verarbeitete Korean‑Elemente für Run 12: 826 in 61.56s
05:50:32 - Verarbeitete Korean‑Elemente für Run 12: 827 in 64.28s
05:51:28 - Verarbeitete Korean‑Elemente für Run 12: 828 in 55.21s
05:52:18 - Verarbeitete Korean‑Elemente für Run 12: 829 in 50.15s
05:53:28 - Verarbeitete Korean‑Elemente für Run 12: 830 in 69.67s
05:54:32 - Verarbeitete Korean‑Elemente für Run 12: 831 in 63.64s
05:55:39 - Verarbeitete Korean‑Elemente für Run 12: 832 in 66.33s
05:56:40 - Verarbeitete Korean‑Elemente für Run 12: 833 in 60.32s
05:57:45 - Verarbeitete Korean‑Elemente für Run 12: 834 in 64.77s
05:58:54 - Verarbeitete Korean‑Elemente für Run 12: 835 in 68.2s
05:59:55 - Verarbeitete Korean‑Elemente für Run 12: 836 in 60.72s
06:01:14 - Verarbeitete Korean‑Elemente für Run 12: 837 in 77.92s
06:02:34 - Verarbeitete Korean‑Elemente für Run 12: 838 in 79.49s
06:03:57 - Verarbeitete Korean‑Elemente für Run 12: 839 in 83.39s
06:04:56 - Verarbeitete Korean‑Elemente für Run 12: 840 in 57.92s
06:05:57 - Verarbeitete Korean‑Elemente für Run 12: 841 in 60.9s
06:07:04 - Verarbeitete Korean‑Elemente für Run 12: 842 in 66.27s
06:08:10 - Verarbeitete Korean‑Elemente für Run 12: 843 in 66.13s
06:09:15 - Verarbeitete Korean‑Elemente für Run 12: 844 in 64.19s
06:10:28 - Verarbeitete Korean‑Elemente für Run 12: 845 in 72.86s
06:11:26 - Verarbeitete Korean‑Elemente für Run 12: 846 in 56.9s
06:12:34 - Verarbeitete Korean‑Elemente für Run 12: 847 in 67.5s
06:13:36 - Verarbeitete Korean‑Elemente für Run 12: 848 in 61.84s
06:14:36 - Verarbeitete Korean‑Elemente für Run 12: 849 in 59.98s
06:15:45 - Verarbeitete Korean‑Elemente für Run 12: 850 in 68.04s
06:16:48 - Verarbeitete Korean‑Elemente für Run 12: 851 in 62.32s
06:17:42 - Verarbeitete Korean‑Elemente für Run 12: 852 in 53.83s
06:18:50 - Verarbeitete Korean‑Elemente für Run 12: 853 in 67.4s
06:19:55 - Verarbeitete Korean‑Elemente für Run 12: 854 in 64.92s
06:21:06 - Verarbeitete Korean‑Elemente für Run 12: 855 in 69.99s
06:22:36 - Verarbeitete Korean‑Elemente für Run 12: 856 in 89.46s
06:23:29 - Verarbeitete Korean‑Elemente für Run 12: 857 in 53.13s
06:24:44 - Verarbeitete Korean‑Elemente für Run 12: 858 in 74.44s
06:25:57 - Verarbeitete Korean‑Elemente für Run 12: 859 in 72.51s
06:27:11 - Verarbeitete Korean‑Elemente für Run 12: 860 in 73.61s
06:28:44 - Verarbeitete Korean‑Elemente für Run 12: 861 in 92.57s
06:29:42 - Verarbeitete Korean‑Elemente für Run 12: 862 in 57.51s
06:31:17 - Verarbeitete Korean‑Elemente für Run 12: 863 in 94.45s
06:32:17 - Verarbeitete Korean‑Elemente für Run 12: 864 in 59.16s
06:33:14 - Verarbeitete Korean‑Elemente für Run 12: 865 in 56.75s
06:34:30 - Verarbeitete Korean‑Elemente für Run 12: 866 in 75.78s
06:35:50 - Verarbeitete Korean‑Elemente für Run 12: 867 in 79.68s
06:36:54 - Verarbeitete Korean‑Elemente für Run 12: 868 in 63.74s
06:37:52 - Verarbeitete Korean‑Elemente für Run 12: 869 in 57.12s
06:38:47 - Verarbeitete Korean‑Elemente für Run 12: 870 in 54.91s
06:39:50 - Verarbeitete Korean‑Elemente für Run 12: 871 in 62.66s
06:41:05 - Verarbeitete Korean‑Elemente für Run 12: 872 in 74.24s
06:42:17 - Verarbeitete Korean‑Elemente für Run 12: 873 in 71.56s
06:43:42 - Verarbeitete Korean‑Elemente für Run 12: 874 in 84.54s
06:44:30 - Verarbeitete Korean‑Elemente für Run 12: 875 in 48.14s
06:45:22 - Verarbeitete Korean‑Elemente für Run 12: 876 in 51.28s
06:46:30 - Verarbeitete Korean‑Elemente für Run 12: 877 in 67.99s
06:47:40 - Verarbeitete Korean‑Elemente für Run 12: 878 in 69.28s
06:48:23 - Verarbeitete Korean‑Elemente für Run 12: 879 in 42.23s
06:49:26 - Verarbeitete Korean‑Elemente für Run 12: 880 in 62.89s
06:50:35 - Verarbeitete Korean‑Elemente für Run 12: 881 in 68.65s
06:51:51 - Verarbeitete Korean‑Elemente für Run 12: 882 in 74.92s
06:53:01 - Verarbeitete Korean‑Elemente für Run 12: 883 in 69.59s
06:54:08 - Verarbeitete Korean‑Elemente für Run 12: 884 in 67.21s
06:55:11 - Verarbeitete Korean‑Elemente für Run 12: 885 in 61.96s
06:56:10 - Verarbeitete Korean‑Elemente für Run 12: 886 in 59.09s
06:57:35 - Verarbeitete Korean‑Elemente für Run 12: 887 in 84.4s
Verarbeitung für Kontextgröße 16384 abgeschlossen.
Beginne Verarbeitung für Kontextgröße 32768 mit 114 Elementen.
06:59:19 - Verarbeitete Korean‑Elemente für Run 12: 888 in 104.01s
07:01:28 - Verarbeitete Korean‑Elemente für Run 12: 889 in 127.92s
07:03:11 - Verarbeitete Korean‑Elemente für Run 12: 890 in 103.32s
07:05:52 - Verarbeitete Korean‑Elemente für Run 12: 891 in 160.7s
07:07:41 - Verarbeitete Korean‑Elemente für Run 12: 892 in 108.33s
07:08:56 - Verarbeitete Korean‑Elemente für Run 12: 893 in 74.22s
07:11:14 - Verarbeitete Korean‑Elemente für Run 12: 894 in 137.76s
07:12:59 - Verarbeitete Korean‑Elemente für Run 12: 895 in 104.63s
07:14:55 - Verarbeitete Korean‑Elemente für Run 12: 896 in 115.68s
07:16:47 - Verarbeitete Korean‑Elemente für Run 12: 897 in 111.81s
07:18:21 - Verarbeitete Korean‑Elemente für Run 12: 898 in 92.9s
07:20:41 - Verarbeitete Korean‑Elemente für Run 12: 899 in 139.72s
07:22:05 - Verarbeitete Korean‑Elemente für Run 12: 900 in 84.03s
07:24:52 - Verarbeitete Korean‑Elemente für Run 12: 901 in 166.55s
07:26:50 - Verarbeitete Korean‑Elemente für Run 12: 902 in 117.58s
07:28:15 - Verarbeitete Korean‑Elemente für Run 12: 903 in 84.45s
07:30:14 - Verarbeitete Korean‑Elemente für Run 12: 904 in 118.43s
07:32:37 - Verarbeitete Korean‑Elemente für Run 12: 905 in 142.21s
07:34:32 - Verarbeitete Korean‑Elemente für Run 12: 906 in 114.92s
07:36:19 - Verarbeitete Korean‑Elemente für Run 12: 907 in 106.46s
07:37:59 - Verarbeitete Korean‑Elemente für Run 12: 908 in 99.47s
07:39:17 - Verarbeitete Korean‑Elemente für Run 12: 909 in 78.28s
07:41:13 - Verarbeitete Korean‑Elemente für Run 12: 910 in 115.7s
07:42:33 - Verarbeitete Korean‑Elemente für Run 12: 911 in 79.43s
07:45:05 - Verarbeitete Korean‑Elemente für Run 12: 912 in 150.99s
07:46:53 - Verarbeitete Korean‑Elemente für Run 12: 913 in 107.74s
07:49:03 - Verarbeitete Korean‑Elemente für Run 12: 914 in 129.55s
07:50:31 - Verarbeitete Korean‑Elemente für Run 12: 915 in 87.27s
07:52:06 - Verarbeitete Korean‑Elemente für Run 12: 916 in 94.84s
07:53:53 - Verarbeitete Korean‑Elemente für Run 12: 917 in 106.72s
07:55:44 - Verarbeitete Korean‑Elemente für Run 12: 918 in 109.93s
07:57:26 - Verarbeitete Korean‑Elemente für Run 12: 919 in 101.73s
07:58:56 - Verarbeitete Korean‑Elemente für Run 12: 920 in 89.37s
08:00:49 - Verarbeitete Korean‑Elemente für Run 12: 921 in 112.58s
08:02:40 - Verarbeitete Korean‑Elemente für Run 12: 922 in 110.84s
08:05:06 - Verarbeitete Korean‑Elemente für Run 12: 923 in 145.2s
08:06:36 - Verarbeitete Korean‑Elemente für Run 12: 924 in 89.86s
08:08:59 - Verarbeitete Korean‑Elemente für Run 12: 925 in 141.97s
08:11:14 - Verarbeitete Korean‑Elemente für Run 12: 926 in 134.41s
08:13:11 - Verarbeitete Korean‑Elemente für Run 12: 927 in 117.18s
08:15:00 - Verarbeitete Korean‑Elemente für Run 12: 928 in 107.92s
08:17:05 - Verarbeitete Korean‑Elemente für Run 12: 929 in 124.78s
08:19:41 - Verarbeitete Korean‑Elemente für Run 12: 930 in 156.3s
08:21:10 - Verarbeitete Korean‑Elemente für Run 12: 931 in 88.48s
08:22:58 - Verarbeitete Korean‑Elemente für Run 12: 932 in 106.87s
08:25:33 - Verarbeitete Korean‑Elemente für Run 12: 933 in 155.05s
08:27:17 - Verarbeitete Korean‑Elemente für Run 12: 934 in 103.59s
08:28:54 - Verarbeitete Korean‑Elemente für Run 12: 935 in 96.06s
08:30:37 - Verarbeitete Korean‑Elemente für Run 12: 936 in 103.06s
08:32:19 - Verarbeitete Korean‑Elemente für Run 12: 937 in 101.33s
08:33:50 - Verarbeitete Korean‑Elemente für Run 12: 938 in 91.15s
08:35:15 - Verarbeitete Korean‑Elemente für Run 12: 939 in 84.21s
08:37:25 - Verarbeitete Korean‑Elemente für Run 12: 940 in 129.61s
08:39:39 - Verarbeitete Korean‑Elemente für Run 12: 941 in 133.85s
08:41:45 - Verarbeitete Korean‑Elemente für Run 12: 942 in 125.5s
08:43:12 - Verarbeitete Korean‑Elemente für Run 12: 943 in 85.98s
08:44:46 - Verarbeitete Korean‑Elemente für Run 12: 944 in 94.22s
08:46:16 - Verarbeitete Korean‑Elemente für Run 12: 945 in 89.48s
08:48:11 - Verarbeitete Korean‑Elemente für Run 12: 946 in 114.23s
08:50:43 - Verarbeitete Korean‑Elemente für Run 12: 947 in 151.99s
08:53:07 - Verarbeitete Korean‑Elemente für Run 12: 948 in 142.78s
08:54:46 - Verarbeitete Korean‑Elemente für Run 12: 949 in 99.05s
08:56:22 - Verarbeitete Korean‑Elemente für Run 12: 950 in 95.89s
08:58:15 - Verarbeitete Korean‑Elemente für Run 12: 951 in 112.4s
08:59:51 - Verarbeitete Korean‑Elemente für Run 12: 952 in 95.1s
09:01:23 - Verarbeitete Korean‑Elemente für Run 12: 953 in 91.66s
09:02:50 - Verarbeitete Korean‑Elemente für Run 12: 954 in 86.93s
09:04:47 - Verarbeitete Korean‑Elemente für Run 12: 955 in 115.86s
09:06:08 - Verarbeitete Korean‑Elemente für Run 12: 956 in 81.02s
09:07:57 - Verarbeitete Korean‑Elemente für Run 12: 957 in 108.33s
09:09:30 - Verarbeitete Korean‑Elemente für Run 12: 958 in 92.61s
09:11:10 - Verarbeitete Korean‑Elemente für Run 12: 959 in 100.04s
09:12:42 - Verarbeitete Korean‑Elemente für Run 12: 960 in 91.42s
09:14:31 - Verarbeitete Korean‑Elemente für Run 12: 961 in 108.69s
09:17:15 - Verarbeitete Korean‑Elemente für Run 12: 962 in 163.12s
09:18:43 - Verarbeitete Korean‑Elemente für Run 12: 963 in 87.78s
09:20:28 - Verarbeitete Korean‑Elemente für Run 12: 964 in 104.1s
09:22:07 - Verarbeitete Korean‑Elemente für Run 12: 965 in 98.7s
09:23:54 - Verarbeitete Korean‑Elemente für Run 12: 966 in 106.52s
09:25:16 - Verarbeitete Korean‑Elemente für Run 12: 967 in 81.78s
09:27:04 - Verarbeitete Korean‑Elemente für Run 12: 968 in 106.9s
09:29:34 - Verarbeitete Korean‑Elemente für Run 12: 969 in 150.22s
09:31:16 - Verarbeitete Korean‑Elemente für Run 12: 970 in 101.37s
09:32:49 - Verarbeitete Korean‑Elemente für Run 12: 971 in 92.25s
09:34:33 - Verarbeitete Korean‑Elemente für Run 12: 972 in 103.77s
09:35:46 - Verarbeitete Korean‑Elemente für Run 12: 973 in 72.31s
09:37:15 - Verarbeitete Korean‑Elemente für Run 12: 974 in 88.89s
09:39:51 - Verarbeitete Korean‑Elemente für Run 12: 975 in 156.17s
09:41:59 - Verarbeitete Korean‑Elemente für Run 12: 976 in 127.37s
09:43:45 - Verarbeitete Korean‑Elemente für Run 12: 977 in 104.69s
09:45:08 - Verarbeitete Korean‑Elemente für Run 12: 978 in 83.29s
09:46:49 - Verarbeitete Korean‑Elemente für Run 12: 979 in 99.95s
09:48:32 - Verarbeitete Korean‑Elemente für Run 12: 980 in 103.03s
09:50:16 - Verarbeitete Korean‑Elemente für Run 12: 981 in 103.07s
09:51:45 - Verarbeitete Korean‑Elemente für Run 12: 982 in 88.78s
09:53:34 - Verarbeitete Korean‑Elemente für Run 12: 983 in 108.52s
09:55:25 - Verarbeitete Korean‑Elemente für Run 12: 984 in 110.4s
09:57:30 - Verarbeitete Korean‑Elemente für Run 12: 985 in 125.09s
10:00:03 - Verarbeitete Korean‑Elemente für Run 12: 986 in 151.77s
10:02:31 - Verarbeitete Korean‑Elemente für Run 12: 987 in 147.94s
10:04:05 - Verarbeitete Korean‑Elemente für Run 12: 988 in 93.72s
10:06:02 - Verarbeitete Korean‑Elemente für Run 12: 989 in 116.57s
10:07:59 - Verarbeitete Korean‑Elemente für Run 12: 990 in 116.02s
10:09:44 - Verarbeitete Korean‑Elemente für Run 12: 991 in 104.76s
10:11:05 - Verarbeitete Korean‑Elemente für Run 12: 992 in 80.49s
10:12:37 - Verarbeitete Korean‑Elemente für Run 12: 993 in 91.61s
10:14:06 - Verarbeitete Korean‑Elemente für Run 12: 994 in 88.33s
10:15:34 - Verarbeitete Korean‑Elemente für Run 12: 995 in 88.03s
10:17:19 - Verarbeitete Korean‑Elemente für Run 12: 996 in 104.45s
10:18:53 - Verarbeitete Korean‑Elemente für Run 12: 997 in 93.67s
10:20:51 - Verarbeitete Korean‑Elemente für Run 12: 998 in 117.74s
10:22:26 - Verarbeitete Korean‑Elemente für Run 12: 999 in 94.23s
10:23:57 - Verarbeitete Korean‑Elemente für Run 12: 1000 in 90.82s
10:25:33 - Verarbeitete Korean‑Elemente für Run 12: 1001 in 95.66s
Verarbeitung für Kontextgröße 32768 abgeschlossen.
Beginne Verarbeitung für Kontextgröße 65536 mit 50 Elementen.
10:29:18 - Verarbeitete Korean‑Elemente für Run 12: 1002 in 224.3s
10:33:11 - Verarbeitete Korean‑Elemente für Run 12: 1003 in 232.46s
10:37:12 - Verarbeitete Korean‑Elemente für Run 12: 1004 in 240.92s
10:41:06 - Verarbeitete Korean‑Elemente für Run 12: 1005 in 233.16s
10:45:01 - Verarbeitete Korean‑Elemente für Run 12: 1006 in 234.91s
10:48:46 - Verarbeitete Korean‑Elemente für Run 12: 1007 in 224.38s
10:52:25 - Verarbeitete Korean‑Elemente für Run 12: 1008 in 218.77s
10:56:08 - Verarbeitete Korean‑Elemente für Run 12: 1009 in 222.5s
11:00:03 - Verarbeitete Korean‑Elemente für Run 12: 1010 in 234.24s
11:04:10 - Verarbeitete Korean‑Elemente für Run 12: 1011 in 246.99s
11:07:32 - Verarbeitete Korean‑Elemente für Run 12: 1012 in 201.43s
11:11:05 - Verarbeitete Korean‑Elemente für Run 12: 1013 in 212.78s
11:15:19 - Verarbeitete Korean‑Elemente für Run 12: 1014 in 253.79s
11:19:17 - Verarbeitete Korean‑Elemente für Run 12: 1015 in 237.39s
11:23:25 - Verarbeitete Korean‑Elemente für Run 12: 1016 in 247.52s
11:27:07 - Verarbeitete Korean‑Elemente für Run 12: 1017 in 221.06s
11:30:58 - Verarbeitete Korean‑Elemente für Run 12: 1018 in 230.89s
11:34:37 - Verarbeitete Korean‑Elemente für Run 12: 1019 in 218.66s
11:38:40 - Verarbeitete Korean‑Elemente für Run 12: 1020 in 242.73s
11:42:36 - Verarbeitete Korean‑Elemente für Run 12: 1021 in 235.01s
11:46:12 - Verarbeitete Korean‑Elemente für Run 12: 1022 in 215.89s
11:49:33 - Verarbeitete Korean‑Elemente für Run 12: 1023 in 200.49s
11:53:32 - Verarbeitete Korean‑Elemente für Run 12: 1024 in 237.92s
11:56:36 - Verarbeitete Korean‑Elemente für Run 12: 1025 in 183.84s
12:00:20 - Verarbeitete Korean‑Elemente für Run 12: 1026 in 223.93s
12:03:58 - Verarbeitete Korean‑Elemente für Run 12: 1027 in 217.36s
12:07:20 - Verarbeitete Korean‑Elemente für Run 12: 1028 in 201.68s
12:11:00 - Verarbeitete Korean‑Elemente für Run 12: 1029 in 219.01s
12:14:53 - Verarbeitete Korean‑Elemente für Run 12: 1030 in 232.4s
12:17:58 - Verarbeitete Korean‑Elemente für Run 12: 1031 in 184.84s
12:21:54 - Verarbeitete Korean‑Elemente für Run 12: 1032 in 235.38s
12:25:31 - Verarbeitete Korean‑Elemente für Run 12: 1033 in 217.25s
12:29:10 - Verarbeitete Korean‑Elemente für Run 12: 1034 in 218.31s
12:32:56 - Verarbeitete Korean‑Elemente für Run 12: 1035 in 225.62s
12:36:42 - Verarbeitete Korean‑Elemente für Run 12: 1036 in 225.38s
12:41:07 - Verarbeitete Korean‑Elemente für Run 12: 1037 in 264.9s
12:44:17 - Verarbeitete Korean‑Elemente für Run 12: 1038 in 189.1s
12:48:32 - Verarbeitete Korean‑Elemente für Run 12: 1039 in 254.52s
12:52:35 - Verarbeitete Korean‑Elemente für Run 12: 1040 in 243.31s
12:56:26 - Verarbeitete Korean‑Elemente für Run 12: 1041 in 229.7s
13:00:24 - Verarbeitete Korean‑Elemente für Run 12: 1042 in 237.97s
13:03:33 - Verarbeitete Korean‑Elemente für Run 12: 1043 in 188.49s
13:07:27 - Verarbeitete Korean‑Elemente für Run 12: 1044 in 233.73s
13:11:21 - Verarbeitete Korean‑Elemente für Run 12: 1045 in 233.53s
13:15:26 - Verarbeitete Korean‑Elemente für Run 12: 1046 in 244.88s
13:18:55 - Verarbeitete Korean‑Elemente für Run 12: 1047 in 207.9s
13:22:36 - Verarbeitete Korean‑Elemente für Run 12: 1048 in 220.98s
13:26:07 - Verarbeitete Korean‑Elemente für Run 12: 1049 in 210.32s
13:30:04 - Verarbeitete Korean‑Elemente für Run 12: 1050 in 236.76s
13:33:37 - Verarbeitete Korean‑Elemente für Run 12: 1051 in 212.21s
Verarbeitung für Kontextgröße 65536 abgeschlossen.
Beginne Verarbeitung für Kontextgröße 131072 mit 0 Elementen.
Verarbeitung für Kontextgröße 131072 abgeschlossen.
